
Running 2 tests using 2 workers

[1A[2K[1/2] [chromium] › tests/voting-power.spec.ts:45:7 › Voting Power Display & Rendering › should safely render Voting Power for whales, zero balances, and null edge cases in the Delegate Table
[1A[2K[2/2] [chromium] › tests/voting-power.spec.ts:56:7 › Voting Power Display & Rendering › should display generic or fallback 0 voting power when no wallet is connected on the Asset Page
[1A[2K[chromium] › tests/voting-power.spec.ts:45:7 › Voting Power Display & Rendering › should safely render Voting Power for whales, zero balances, and null edge cases in the Delegate Table
=== /VOTERS DOM DUMP ===

[1A[2K[chromium] › tests/voting-power.spec.ts:56:7 › Voting Power Display & Rendering › should display generic or fallback 0 voting power when no wallet is connected on the Asset Page
=== /ASSETS DOM DUMP ===

[1A[2K[chromium] › tests/voting-power.spec.ts:45:7 › Voting Power Display & Rendering › should safely render Voting Power for whales, zero balances, and null edge cases in the Delegate Table
.neq8r85qukds * {
  box-sizing: border-box;
  font-family: -apple-system, BlinkMacSystemFont, "Segoe UI", Roboto, Helvetica, Arial, sans-serif, "Apple Color Emoji", "Segoe UI Emoji", "Segoe UI Symbol";
  -ms-overflow-style: none; 
  scrollbar-width: none; 
  color: #fff;
}

.neq8r85qukds *::-webkit-scrollbar { 
  display: none;
}

.neq8r85qukds p,
.neq8r85qukds h1,
.neq8r85qukds h2,
.neq8r85qukds h3,
.neq8r85qukds h4,
.neq8r85qukds h5,
.neq8r85qukds h6 {
  margin: 0;
}

.neq8r85qukds .modal-container {
    position: fixed;
    top: 0;
    left: 0;
    width: 100%;
    height: 100%;
    z-index: 100000000;
    background-color: rgba(0, 0, 0, 0.5);
    display: flex;
    justify-content: center;
    align-items: center;
    flex-direction: column;
    transition: opacity 0.2s ease-in-out;
}

@media (max-width: 600px) {
  .neq8r85qukds .modal-container {
    justify-content: flex-end;
  }
}

.neq8r85qukds .modal-content {
  display: flex;
  flex-direction: column;
  align-items: center;

  max-width: 420px;
  max-height: 615px;
  width: 100%;
  border-radius: 24px;
  background: #0d0d0d;
  border: 1.5px solid rgba(255, 255, 255, 0.1);
  transition: transform 0.2s ease-in-out;
}

@media (max-width: 600px) {
  .neq8r85qukds .modal-content {
    max-width: 100%;
    width: 100%;
    max-height: 80%;
    border-bottom-left-radius: 0;
    border-bottom-right-radius: 0;
    border: none;
    border-top: 1.5px solid rgba(255, 255, 255, 0.1);
  }
}


.neq8r85qukds .modal-header {
  display: flex;
  padding: 16px;
  gap: 16px;
  align-self: stretch;
  align-items: center;
  justify-content: center;
  position: relative;
}

.neq8r85qukds .modal-header button {
  position: absolute;
  right: 16px;
  top: 16px;
  width: 32px;
  height: 32px;
  border-radius: 12px;
  cursor: pointer;
  transition: background 0.2s ease-in-out;
  border: none;
  background: none;
  display: flex;
  align-items: center;
  justify-content: center;
}

.neq8r85qukds .modal-header button:hover {
  background: rgba(255, 255, 255, 0.04);
}
  
.neq8r85qukds .modal-header p {
  color: #fff;
  text-align: center;
  font-size: 24px;
  font-style: normal;
  font-weight: 600;
  line-height: normal;
  margin: 0;
}


.neq8r85qukds .modal-body {
  display: flex;
  padding: 16px;
  flex-direction: column;
  align-items: flex-start;
  text-align: center;
  gap: 8px;
  overflow: auto;

  border-radius: 24px;
  background: rgba(255, 255, 255, 0.08);
  width: 100%;
  flex: 1;
}

.neq8r85qukds .modal-body textarea {
  width: 100%;
  padding: 12px;
  border-radius: 12px;
  background: #0d0d0d;
  color: #fff;
  border: 1px solid rgba(255, 255, 255, 0.1);
  outline: none;
  font-size: 16px;
  transition: background 0.2s ease-in-out;
  font-family: monospace;
  font-size: 12px;
}

.neq8r85qukds .modal-body button {
  width: 100%;
  padding: 12px;
  border-radius: 12px;
  background: #fff;
  color: #000;
  border: none;
  cursor: pointer;
  font-size: 16px;
  transition: background 0.2s ease-in-out;
  margin-top: 16px;
}

.neq8r85qukds .footer {
  width: 100%;
  display: flex;
  align-items: center;
  justify-content: flex-start;
  padding: 16px 24px;
  color: #fff;
  gap: 12px;
}

.neq8r85qukds .modal-body p {
  color: rgba(255, 255, 255, 0.9);
  text-align: center;
  font-size: 16px;
  font-style: normal;
  font-weight: 500;
  line-height: normal;
  letter-spacing: -0.8px;
}

.neq8r85qukds .footer img {
  width: 24px;
  height: 24px;
  border-radius: 50%;
  object-fit: cover;
}

.neq8r85qukds .get-wallet-link {
  color: rgba(255, 255, 255, 0.5);
  text-align: center;
  font-size: 16px;
  font-style: normal;
  font-weight: 500;
  margin-left: auto;
  text-decoration: none;
  transition: color 0.2s ease-in-out;
  cursor: pointer;
}
  
.neq8r85qukds .get-wallet-link:hover {
  color: rgba(255, 255, 255, 1);
}


.neq8r85qukds .connect-item {
  display: flex;
  padding: 8px;
  align-items: center;
  gap: 12px;
  align-self: stretch;
  cursor: pointer;

  transition: background 0.2s ease-in-out;
  border-radius: 24px;
}

.neq8r85qukds .connect-item img {
  width: 48px;
  height: 48px;
  border-radius: 16px;
  object-fit: cover;
  flex-shrink: 0;
}

.neq8r85qukds .connect-item-info {
  display: flex;
  flex-direction: column;
  align-items: flex-start;
  gap: 4px;
  text-align: left;
  flex: 1;
  margin-top: -2px;
}

.neq8r85qukds .connect-item-info .wallet-address {
  color: rgba(255, 255, 255, 0.5);
  font-size: 14px;
  font-style: normal;
  font-weight: 400;
  line-height: normal;
}

.neq8r85qukds .connect-item:hover {
  background: rgba(255, 255, 255, 0.04);
}

.neq8r85qukds .connect-item img {
  width: 48px;
  height: 48px;
  border-radius: 16px;
  object-fit: cover;
}

.neq8r85qukds .connect-item p {
  color: rgba(255, 255, 255, 0.9);
  text-align: center;
  font-size: 18px;
  font-style: normal;
  font-weight: 600;
  line-height: normal;
  letter-spacing: -0.36px;
  margin: 0;
}
          window.dataLayer = window.dataLayer || [];
          function gtag(){window.dataLayer.push(arguments);}
          gtag('js', new Date());

          gtag('config', 'G-R6L5Q99GDX');

[1A[2K[chromium] › tests/voting-power.spec.ts:56:7 › Voting Power Display & Rendering › should display generic or fallback 0 voting power when no wallet is connected on the Asset Page
.ngslns6r937 * {
  box-sizing: border-box;
  font-family: -apple-system, BlinkMacSystemFont, "Segoe UI", Roboto, Helvetica, Arial, sans-serif, "Apple Color Emoji", "Segoe UI Emoji", "Segoe UI Symbol";
  -ms-overflow-style: none; 
  scrollbar-width: none; 
  color: #fff;
}

.ngslns6r937 *::-webkit-scrollbar { 
  display: none;
}

.ngslns6r937 p,
.ngslns6r937 h1,
.ngslns6r937 h2,
.ngslns6r937 h3,
.ngslns6r937 h4,
.ngslns6r937 h5,
.ngslns6r937 h6 {
  margin: 0;
}

.ngslns6r937 .modal-container {
    position: fixed;
    top: 0;
    left: 0;
    width: 100%;
    height: 100%;
    z-index: 100000000;
    background-color: rgba(0, 0, 0, 0.5);
    display: flex;
    justify-content: center;
    align-items: center;
    flex-direction: column;
    transition: opacity 0.2s ease-in-out;
}

@media (max-width: 600px) {
  .ngslns6r937 .modal-container {
    justify-content: flex-end;
  }
}

.ngslns6r937 .modal-content {
  display: flex;
  flex-direction: column;
  align-items: center;

  max-width: 420px;
  max-height: 615px;
  width: 100%;
  border-radius: 24px;
  background: #0d0d0d;
  border: 1.5px solid rgba(255, 255, 255, 0.1);
  transition: transform 0.2s ease-in-out;
}

@media (max-width: 600px) {
  .ngslns6r937 .modal-content {
    max-width: 100%;
    width: 100%;
    max-height: 80%;
    border-bottom-left-radius: 0;
    border-bottom-right-radius: 0;
    border: none;
    border-top: 1.5px solid rgba(255, 255, 255, 0.1);
  }
}


.ngslns6r937 .modal-header {
  display: flex;
  padding: 16px;
  gap: 16px;
  align-self: stretch;
  align-items: center;
  justify-content: center;
  position: relative;
}

.ngslns6r937 .modal-header button {
  position: absolute;
  right: 16px;
  top: 16px;
  width: 32px;
  height: 32px;
  border-radius: 12px;
  cursor: pointer;
  transition: background 0.2s ease-in-out;
  border: none;
  background: none;
  display: flex;
  align-items: center;
  justify-content: center;
}

.ngslns6r937 .modal-header button:hover {
  background: rgba(255, 255, 255, 0.04);
}
  
.ngslns6r937 .modal-header p {
  color: #fff;
  text-align: center;
  font-size: 24px;
  font-style: normal;
  font-weight: 600;
  line-height: normal;
  margin: 0;
}


.ngslns6r937 .modal-body {
  display: flex;
  padding: 16px;
  flex-direction: column;
  align-items: flex-start;
  text-align: center;
  gap: 8px;
  overflow: auto;

  border-radius: 24px;
  background: rgba(255, 255, 255, 0.08);
  width: 100%;
  flex: 1;
}

.ngslns6r937 .modal-body textarea {
  width: 100%;
  padding: 12px;
  border-radius: 12px;
  background: #0d0d0d;
  color: #fff;
  border: 1px solid rgba(255, 255, 255, 0.1);
  outline: none;
  font-size: 16px;
  transition: background 0.2s ease-in-out;
  font-family: monospace;
  font-size: 12px;
}

.ngslns6r937 .modal-body button {
  width: 100%;
  padding: 12px;
  border-radius: 12px;
  background: #fff;
  color: #000;
  border: none;
  cursor: pointer;
  font-size: 16px;
  transition: background 0.2s ease-in-out;
  margin-top: 16px;
}

.ngslns6r937 .footer {
  width: 100%;
  display: flex;
  align-items: center;
  justify-content: flex-start;
  padding: 16px 24px;
  color: #fff;
  gap: 12px;
}

.ngslns6r937 .modal-body p {
  color: rgba(255, 255, 255, 0.9);
  text-align: center;
  font-size: 16px;
  font-style: normal;
  font-weight: 500;
  line-height: normal;
  letter-spacing: -0.8px;
}

.ngslns6r937 .footer img {
  width: 24px;
  height: 24px;
  border-radius: 50%;
  object-fit: cover;
}

.ngslns6r937 .get-wallet-link {
  color: rgba(255, 255, 255, 0.5);
  text-align: center;
  font-size: 16px;
  font-style: normal;
  font-weight: 500;
  margin-left: auto;
  text-decoration: none;
  transition: color 0.2s ease-in-out;
  cursor: pointer;
}
  
.ngslns6r937 .get-wallet-link:hover {
  color: rgba(255, 255, 255, 1);
}


.ngslns6r937 .connect-item {
  display: flex;
  padding: 8px;
  align-items: center;
  gap: 12px;
  align-self: stretch;
  cursor: pointer;

  transition: background 0.2s ease-in-out;
  border-radius: 24px;
}

.ngslns6r937 .connect-item img {
  width: 48px;
  height: 48px;
  border-radius: 16px;
  object-fit: cover;
  flex-shrink: 0;
}

.ngslns6r937 .connect-item-info {
  display: flex;
  flex-direction: column;
  align-items: flex-start;
  gap: 4px;
  text-align: left;
  flex: 1;
  margin-top: -2px;
}

.ngslns6r937 .connect-item-info .wallet-address {
  color: rgba(255, 255, 255, 0.5);
  font-size: 14px;
  font-style: normal;
  font-weight: 400;
  line-height: normal;
}

.ngslns6r937 .connect-item:hover {
  background: rgba(255, 255, 255, 0.04);
}

.ngslns6r937 .connect-item img {
  width: 48px;
  height: 48px;
  border-radius: 16px;
  object-fit: cover;
}

.ngslns6r937 .connect-item p {
  color: rgba(255, 255, 255, 0.9);
  text-align: center;
  font-size: 18px;
  font-style: normal;
  font-weight: 600;
  line-height: normal;
  letter-spacing: -0.36px;
  margin: 0;
}
          window.dataLayer = window.dataLayer || [];
          function gtag(){window.dataLayer.push(arguments);}
          gtag('js', new Date());

          gtag('config', 'G-R6L5Q99GDX');

[1A[2K  1) [chromium] › tests/voting-power.spec.ts:56:7 › Voting Power Display & Rendering › should display generic or fallback 0 voting power when no wallet is connected on the Asset Page 

    Error: [2mexpect([22m[31mlocator[39m[2m).[22mtoBeVisible[2m([22m[2m)[22m failed

    Locator: locator('text="Voting Power veNEAR"').locator('..')
    Expected: visible
    Timeout: 30000ms
    Error: element(s) not found

    Call log:
    [2m  - Expect "toBeVisible" with timeout 30000ms[22m
    [2m  - waiting for locator('text="Voting Power veNEAR"').locator('..')[22m


      68 |     
      69 |     // Wait for it to become visible
    > 70 |     await expect(vpCard).toBeVisible({ timeout: 30000 });
         |                          ^
      71 |     
      72 |     // The component should gracefully fall back to '0.00' or prompt to 'Connect Wallet'
      73 |     await expect(page.locator('text=/0\\.00|Connect Wallet/i').first()).toBeVisible();
        at /Users/atomauro/agora-temporal2/agora-near/tests/voting-power.spec.ts:70:26

    Error Context: test-results/voting-power-Voting-Power--223d9-connected-on-the-Asset-Page-chromium/error-context.md


[1A[2K  1 failed
    [chromium] › tests/voting-power.spec.ts:56:7 › Voting Power Display & Rendering › should display generic or fallback 0 voting power when no wallet is connected on the Asset Page 
  1 passed (34.0s)

[36m  Serving HTML report at http://localhost:9323. Press Ctrl+C to quit.[39m
